// Jest Snapshot v1, https://goo.gl/fbAQLP

exports[`Signers index Exports expected signers 1`] = `
Array [
  "P12Signer",
]
`;
